// Jest Snapshot v1, https://goo.gl/fbAQLP

exports[`[Skills] renders successfully 1`] = `
<SideCard>
  <article>
    My Skills
  </article>
</SideCard>
`;
