// Jest Snapshot v1, https://goo.gl/fbAQLP

exports[`[Works] renders successfully 1`] = `
<SideCard>
  <article>
    My works
  </article>
</SideCard>
`;
