// Jest Snapshot v1, https://goo.gl/fbAQLP

exports[`[SideCard] renders successfully 1`] = `
<section
  className="card"
>
  content
</section>
`;
