// Jest Snapshot v1, https://goo.gl/fbAQLP

exports[`[About] renders successfully 1`] = `
<article>
  About Me
</article>
`;
