// Jest Snapshot v1, https://goo.gl/fbAQLP

exports[`[Construct Page] renders successfully 1`] = `
<div>
  Under Construct
</div>
`;
