// Jest Snapshot v1, https://goo.gl/fbAQLP

exports[`[Blog] renders successfully 1`] = `
<SideCard>
  <article>
    My blog
  </article>
</SideCard>
`;
