// Jest Snapshot v1, https://goo.gl/fbAQLP

exports[`[Contact] renders successfully 1`] = `
<SideCard>
  <article>
    Contact me
  </article>
</SideCard>
`;
